2025-08-05 21:51:34,077 - INFO - Starting news collection for 삼성전자
2025-08-05 21:51:34,078 - INFO - Starting news collection for SK하이닉스
2025-08-05 21:51:34,078 - INFO - Starting news collection for LG에너지솔루션
2025-08-05 21:51:34,079 - INFO - Starting news collection for 삼성바이오로직스
2025-08-05 21:51:34,080 - INFO - Starting news collection for 한화에어로스페이스
2025-08-05 21:51:34,863 - INFO - Starting news collection for 현대차
2025-08-05 21:51:34,865 - INFO - Starting news collection for KB금융
2025-08-05 21:51:34,865 - INFO - Starting news collection for 두산에너빌리티
2025-08-05 21:51:34,866 - INFO - Starting news collection for HD현대중공업
2025-08-05 21:51:34,870 - INFO - Starting news collection for 셀트리온
2025-08-05 21:51:35,571 - INFO - Starting news collection for 기아
2025-08-05 21:51:35,579 - INFO - Starting news collection for NAVER
2025-08-05 21:51:35,585 - INFO - Starting news collection for 한화오션
2025-08-05 21:51:35,586 - INFO - Starting news collection for 신한지주
2025-08-05 21:51:35,593 - INFO - Starting news collection for 삼성물산
2025-08-05 21:51:36,285 - INFO - Starting news collection for 현대모비스
2025-08-05 21:51:36,289 - INFO - Starting news collection for HD한국조선해양
2025-08-05 21:51:36,289 - INFO - Starting news collection for 삼성생명
2025-08-05 21:51:36,301 - INFO - Starting news collection for 한국전력
2025-08-05 21:51:36,302 - INFO - Starting news collection for POSCO홀딩스
2025-08-05 21:51:39,069 - INFO - Starting news collection for 카카오
2025-08-05 21:51:39,070 - INFO - Starting news collection for 하나금융지주
2025-08-05 21:51:39,070 - INFO - Starting news collection for HMM
2025-08-05 21:51:39,071 - INFO - Starting news collection for 현대로템
2025-08-05 21:51:39,071 - INFO - Starting news collection for LG화학
2025-08-05 21:51:39,792 - INFO - Starting news collection for 메리츠금융지주
2025-08-05 21:51:39,792 - INFO - Starting news collection for 삼성화재
2025-08-05 21:51:39,792 - INFO - Starting news collection for SK스퀘어
2025-08-05 21:51:39,800 - INFO - Starting news collection for 우리금융지주
2025-08-05 21:51:39,808 - INFO - Starting news collection for HD현대일렉트릭
2025-08-05 21:51:40,500 - INFO - Starting news collection for 삼성중공업
2025-08-05 21:51:40,501 - INFO - Starting news collection for 삼성SDI
2025-08-05 21:51:40,512 - INFO - Starting news collection for KT&G
2025-08-05 21:51:40,518 - INFO - Starting news collection for SK이노베이션
2025-08-05 21:51:40,523 - INFO - Starting news collection for 고려아연
2025-08-05 21:51:41,222 - INFO - Starting news collection for 기업은행
2025-08-05 21:51:41,223 - INFO - Starting news collection for 크래프톤
2025-08-05 21:51:41,227 - INFO - Starting news collection for KT
2025-08-05 21:51:41,230 - INFO - Starting news collection for SK
2025-08-05 21:51:41,230 - INFO - Starting news collection for LIG넥스원
2025-08-05 21:51:43,967 - INFO - Starting news collection for 카카오뱅크
2025-08-05 21:51:43,968 - INFO - Starting news collection for LG전자
2025-08-05 21:51:43,968 - INFO - Starting news collection for SK텔레콤
2025-08-05 21:51:43,969 - INFO - Starting news collection for 삼성에스디에스
2025-08-05 21:51:43,969 - INFO - Starting news collection for LG
2025-08-05 21:51:44,696 - INFO - Starting news collection for 효성중공업
2025-08-05 21:51:44,706 - INFO - Starting news collection for 삼성전기
2025-08-05 21:51:44,706 - INFO - Starting news collection for 포스코퓨처엠
2025-08-05 21:51:44,709 - INFO - Starting news collection for 현대글로비스
2025-08-05 21:51:44,726 - INFO - Starting news collection for 한화시스템
2025-08-05 21:51:45,417 - INFO - Starting news collection for 하이브
2025-08-05 21:51:45,424 - INFO - Starting news collection for 삼양식품
2025-08-05 21:51:45,425 - INFO - Starting news collection for HD현대
2025-08-05 21:51:45,434 - INFO - Starting news collection for 미래에셋증권
2025-08-05 21:51:45,440 - INFO - Starting news collection for 두산
2025-08-05 21:51:46,138 - INFO - Starting news collection for LS ELECTRIC
2025-08-05 21:51:46,154 - INFO - Starting news collection for 유한양행
2025-08-05 21:51:46,154 - INFO - Starting news collection for 한국항공우주
2025-08-05 21:51:46,154 - INFO - Starting news collection for HD현대마린솔루션
2025-08-05 21:51:46,155 - INFO - Starting news collection for SK바이오팜
2025-08-05 21:51:48,924 - INFO - Starting news collection for DB손해보험
2025-08-05 21:51:48,925 - INFO - Starting news collection for 대한항공
2025-08-05 21:51:48,926 - INFO - Starting news collection for 한미반도체
2025-08-05 21:51:48,926 - INFO - Starting news collection for 포스코인터내셔널
2025-08-05 21:51:48,927 - INFO - Starting news collection for 카카오페이
2025-08-05 21:51:49,643 - INFO - Starting news collection for HD현대미포
2025-08-05 21:51:49,652 - INFO - Starting news collection for 코웨이
2025-08-05 21:51:49,657 - INFO - Starting news collection for 한국금융지주
2025-08-05 21:51:49,675 - INFO - Starting news collection for 현대건설
2025-08-05 21:51:49,687 - INFO - Starting news collection for 아모레퍼시픽
2025-08-05 21:51:50,311 - INFO - Starting news collection for 에이피알
2025-08-05 21:51:50,321 - INFO - Starting news collection for 한진칼
2025-08-05 21:51:50,327 - INFO - Starting news collection for S-Oil
2025-08-05 21:51:50,336 - INFO - Starting news collection for 한화
2025-08-05 21:51:50,350 - INFO - Starting news collection for LG유플러스
2025-08-05 21:51:51,007 - INFO - Starting news collection for NH투자증권
2025-08-05 21:51:51,012 - INFO - Starting news collection for 삼성증권
2025-08-05 21:51:51,018 - INFO - Starting news collection for 삼성카드
2025-08-05 21:51:51,111 - INFO - Starting news collection for 한국타이어앤테크놀로지
2025-08-05 21:51:51,111 - INFO - Starting news collection for 두산밥캣
2025-08-05 21:51:53,751 - INFO - Starting news collection for LS
2025-08-05 21:51:53,751 - INFO - Starting news collection for LG디스플레이
2025-08-05 21:51:53,752 - INFO - Starting news collection for 키움증권
2025-08-05 21:51:53,752 - INFO - Starting news collection for 한화솔루션
2025-08-05 21:51:53,753 - INFO - Starting news collection for 넷마블
2025-08-05 21:51:54,486 - INFO - Starting news collection for 삼성E&A
2025-08-05 21:51:54,486 - INFO - Starting news collection for LG생활건강
2025-08-05 21:51:54,495 - INFO - Starting news collection for BNK금융지주
2025-08-05 21:51:54,496 - INFO - Starting news collection for 오리온
2025-08-05 21:51:54,496 - INFO - Starting news collection for GS
2025-08-05 21:51:55,182 - INFO - Starting news collection for 현대제철
2025-08-05 21:51:55,188 - INFO - Starting news collection for JB금융지주
2025-08-05 21:51:55,192 - INFO - Starting news collection for 엔씨소프트
2025-08-05 21:51:55,194 - INFO - Starting news collection for CJ
2025-08-05 21:51:55,198 - INFO - Starting news collection for 강원랜드
2025-08-05 21:51:55,958 - INFO - Starting news collection for 두산로보틱스
2025-08-05 21:51:55,965 - INFO - Starting news collection for 한국가스공사
2025-08-05 21:51:55,972 - INFO - Starting news collection for SKC
2025-08-05 21:51:55,976 - INFO - Starting news collection for LG이노텍
2025-08-05 21:51:55,978 - INFO - Starting news collection for 에코프로머티
2025-08-05 21:51:58,638 - INFO - Starting news collection for SK바이오사이언스
2025-08-05 21:51:58,639 - INFO - Starting news collection for 한미약품
2025-08-05 21:51:58,639 - INFO - Starting news collection for 풍산
2025-08-05 21:51:58,640 - INFO - Starting news collection for CJ제일제당
2025-08-05 21:51:58,640 - INFO - Starting news collection for KCC
2025-08-05 21:51:59,349 - INFO - Starting news collection for 한전기술
2025-08-05 21:51:59,359 - INFO - Starting news collection for 포스코DX
2025-08-05 21:51:59,366 - INFO - Starting news collection for 현대엘리베이터
2025-08-05 21:51:59,367 - INFO - Starting news collection for HD현대인프라코어
2025-08-05 21:51:59,372 - INFO - Starting news collection for 대한전선
2025-08-05 21:52:00,063 - INFO - Starting news collection for 한미사이언스
2025-08-05 21:52:00,063 - INFO - Starting news collection for 금호석유화학
2025-08-05 21:52:00,063 - INFO - Starting news collection for 한화생명
2025-08-05 21:52:00,071 - INFO - Starting news collection for 한화비전
2025-08-05 21:52:00,077 - INFO - Starting news collection for 롯데지주
2025-08-05 21:52:00,800 - INFO - Starting news collection for 롯데케미칼
2025-08-05 21:52:00,813 - INFO - Starting news collection for 코스맥스
2025-08-05 21:52:00,814 - INFO - Starting news collection for 동서
2025-08-05 21:52:00,819 - INFO - Starting news collection for 에스원
2025-08-05 21:52:00,825 - INFO - Starting news collection for 엘앤에프
2025-08-05 21:52:03,704 - INFO - Starting news collection for F&F
2025-08-05 21:52:03,705 - INFO - Starting news collection for 이마트
2025-08-05 21:52:03,705 - INFO - Starting news collection for 영원무역
2025-08-05 21:52:03,706 - INFO - Starting news collection for 한국앤컴퍼니
2025-08-05 21:52:03,706 - INFO - Starting news collection for 현대해상
2025-08-05 21:52:04,722 - INFO - Starting news collection for 아모레퍼시픽홀딩스
2025-08-05 21:52:04,727 - INFO - Starting news collection for 농심
2025-08-05 21:52:04,727 - INFO - Starting news collection for 한국콜마
2025-08-05 21:52:04,727 - INFO - Starting news collection for 팬오션
2025-08-05 21:52:04,893 - INFO - Starting news collection for 제일기획
2025-08-05 21:52:05,602 - INFO - Starting news collection for 한전KPS
2025-08-05 21:52:05,606 - INFO - Starting news collection for iM금융지주
2025-08-05 21:52:05,608 - INFO - Starting news collection for 한온시스템
2025-08-05 21:52:05,608 - INFO - Starting news collection for 동원산업
2025-08-05 21:52:05,609 - INFO - Starting news collection for 한솔케미칼
2025-08-05 21:52:06,476 - INFO - Starting news collection for BGF리테일
2025-08-05 21:52:06,476 - INFO - Starting news collection for 미스토홀딩스
2025-08-05 21:52:06,476 - INFO - Starting news collection for 롯데쇼핑
2025-08-05 21:52:06,478 - INFO - Starting news collection for CJ대한통운
2025-08-05 21:52:06,478 - INFO - Starting news collection for 호텔신라
2025-08-05 21:52:09,273 - INFO - Starting news collection for 영원무역홀딩스
2025-08-05 21:52:09,273 - INFO - Starting news collection for DL이앤씨
2025-08-05 21:52:09,274 - INFO - Starting news collection for 씨에스윈드
2025-08-05 21:52:09,275 - INFO - Starting news collection for SK아이이테크놀로지
2025-08-05 21:52:09,279 - INFO - Starting news collection for OCI홀딩스
2025-08-05 21:52:10,008 - INFO - Starting news collection for 신세계
2025-08-05 21:52:10,008 - INFO - Starting news collection for 에스엘
2025-08-05 21:52:10,008 - INFO - Starting news collection for 녹십자
2025-08-05 21:52:10,009 - INFO - Starting news collection for GS건설
2025-08-05 21:52:10,024 - INFO - Starting news collection for 오뚜기
2025-08-05 21:52:10,722 - INFO - Starting news collection for HL만도
2025-08-05 21:52:10,723 - INFO - Starting news collection for 한국카본
2025-08-05 21:52:10,730 - INFO - Starting news collection for 대우건설
2025-08-05 21:52:10,730 - INFO - Starting news collection for 대웅제약
2025-08-05 21:52:10,734 - INFO - Starting news collection for 현대백화점
2025-08-05 21:52:11,447 - INFO - Starting news collection for DN오토모티브
2025-08-05 21:52:11,447 - INFO - Starting news collection for 하이트진로
2025-08-05 21:52:11,447 - INFO - Starting news collection for 오리온홀딩스
2025-08-05 21:52:11,448 - INFO - Starting news collection for 대웅
2025-08-05 21:52:11,448 - INFO - Starting news collection for GS리테일
2025-08-05 21:52:14,193 - INFO - Starting news collection for 이수스페셜티케미컬
2025-08-05 21:52:14,194 - INFO - Starting news collection for 현대위아
2025-08-05 21:52:14,194 - INFO - Starting news collection for HDC
2025-08-05 21:52:14,195 - INFO - Starting news collection for 금호타이어
2025-08-05 21:52:14,195 - INFO - Starting news collection for 한일시멘트
2025-08-05 21:52:14,916 - INFO - Starting news collection for 한올바이오파마
2025-08-05 21:52:14,924 - INFO - Starting news collection for 태광산업
2025-08-05 21:52:14,930 - INFO - Starting news collection for 롯데정밀화학
2025-08-05 21:52:14,931 - INFO - Starting news collection for 롯데칠성
2025-08-05 21:52:14,936 - INFO - Starting news collection for 한샘
2025-08-05 21:52:15,594 - INFO - Starting news collection for SK케미칼
2025-08-05 21:52:15,603 - INFO - Starting news collection for 에스디바이오센서
2025-08-05 21:52:15,610 - INFO - Starting news collection for 종근당
2025-08-05 21:52:15,616 - INFO - Starting news collection for 더블유게임즈
2025-08-05 21:52:15,622 - INFO - Starting news collection for 롯데웰푸드
2025-08-05 21:52:16,281 - INFO - Starting news collection for 코오롱인더
2025-08-05 21:52:16,294 - INFO - Starting news collection for DL
2025-08-05 21:52:16,294 - INFO - Starting news collection for 세아베스틸지주
2025-08-05 21:52:16,295 - INFO - Starting news collection for 세방전지
2025-08-05 21:52:16,295 - INFO - Starting news collection for 율촌화학
2025-08-05 21:52:19,010 - INFO - Starting news collection for HS효성첨단소재
2025-08-05 21:52:19,011 - INFO - Starting news collection for 하나투어
2025-08-05 21:52:19,011 - INFO - Starting news collection for 지역난방공사
2025-08-05 21:52:19,012 - INFO - Starting news collection for GKL
2025-08-05 21:52:19,012 - INFO - Starting news collection for 효성티앤씨
2025-08-05 21:52:19,737 - INFO - Starting news collection for 동원시스템즈
2025-08-05 21:52:19,738 - INFO - Starting news collection for 영풍
2025-08-05 21:52:19,745 - INFO - Starting news collection for 대상
2025-08-05 21:52:19,747 - INFO - Starting news collection for 미원상사
2025-08-05 21:52:19,761 - INFO - Starting news collection for 세아제강지주
2025-08-05 21:52:20,458 - INFO - Starting news collection for KG모빌리티
2025-08-05 21:52:20,459 - INFO - Starting news collection for 미원에스씨
2025-08-05 21:52:20,463 - INFO - Starting news collection for 코스모화학
2025-08-05 21:52:20,467 - INFO - Starting news collection for 대한유화
2025-08-05 21:52:20,490 - INFO - Starting news collection for TKG휴켐스
2025-08-05 21:52:21,171 - INFO - Starting news collection for 덴티움
2025-08-05 21:52:21,180 - INFO - Starting news collection for 녹십자홀딩스
2025-08-05 21:52:21,180 - INFO - Starting news collection for TCC스틸
2025-08-05 21:52:21,184 - INFO - Starting news collection for OCI
2025-08-05 21:52:21,192 - INFO - Starting news collection for 후성
2025-08-05 21:53:44,245 - INFO - Starting news collection for 삼성전자
2025-08-05 21:53:44,245 - INFO - Starting news collection for SK하이닉스
2025-08-05 21:53:44,245 - INFO - Starting news collection for LG에너지솔루션
2025-08-05 21:53:44,245 - INFO - Starting news collection for 삼성바이오로직스
2025-08-05 21:53:44,245 - INFO - Starting news collection for 한화에어로스페이스
2025-08-05 21:53:44,993 - INFO - Starting news collection for 현대차
2025-08-05 21:53:44,999 - INFO - Starting news collection for KB금융
2025-08-05 21:53:45,001 - INFO - Starting news collection for 두산에너빌리티
2025-08-05 21:53:45,009 - INFO - Starting news collection for HD현대중공업
2025-08-05 21:53:45,010 - INFO - Starting news collection for 셀트리온
2025-08-05 21:53:45,712 - INFO - Starting news collection for 기아
2025-08-05 21:53:45,713 - INFO - Starting news collection for NAVER
2025-08-05 21:53:45,715 - INFO - Starting news collection for 한화오션
2025-08-05 21:53:45,727 - INFO - Starting news collection for 신한지주
2025-08-05 21:53:45,730 - INFO - Starting news collection for 삼성물산
2025-08-05 21:53:46,441 - INFO - Starting news collection for 현대모비스
2025-08-05 21:53:46,442 - INFO - Starting news collection for HD한국조선해양
2025-08-05 21:53:46,448 - INFO - Starting news collection for 삼성생명
2025-08-05 21:53:46,453 - INFO - Starting news collection for 한국전력
2025-08-05 21:53:46,453 - INFO - Starting news collection for POSCO홀딩스
2025-08-05 21:53:49,209 - INFO - Starting news collection for 카카오
2025-08-05 21:53:49,210 - INFO - Starting news collection for 하나금융지주
2025-08-05 21:53:49,210 - INFO - Starting news collection for HMM
2025-08-05 21:53:49,211 - INFO - Starting news collection for 현대로템
2025-08-05 21:53:49,211 - INFO - Starting news collection for LG화학
2025-08-05 21:53:49,951 - INFO - Starting news collection for 메리츠금융지주
2025-08-05 21:53:49,957 - INFO - Starting news collection for 삼성화재
2025-08-05 21:53:49,965 - INFO - Starting news collection for SK스퀘어
2025-08-05 21:53:49,965 - INFO - Starting news collection for 우리금융지주
2025-08-05 21:53:49,969 - INFO - Starting news collection for HD현대일렉트릭
2025-08-05 21:53:50,654 - INFO - Starting news collection for 삼성중공업
2025-08-05 21:53:50,668 - INFO - Starting news collection for 삼성SDI
2025-08-05 21:53:50,671 - INFO - Starting news collection for KT&G
2025-08-05 21:53:50,673 - INFO - Starting news collection for SK이노베이션
2025-08-05 21:53:50,754 - INFO - Starting news collection for 고려아연
2025-08-05 21:53:51,326 - INFO - Starting news collection for 기업은행
2025-08-05 21:53:51,331 - INFO - Starting news collection for 크래프톤
2025-08-05 21:53:51,347 - INFO - Starting news collection for KT
2025-08-05 21:53:51,399 - INFO - Starting news collection for SK
2025-08-05 21:53:51,453 - INFO - Starting news collection for LIG넥스원
2025-08-05 21:53:54,105 - INFO - Starting news collection for 카카오뱅크
2025-08-05 21:53:54,105 - INFO - Starting news collection for LG전자
2025-08-05 21:53:54,105 - INFO - Starting news collection for SK텔레콤
2025-08-05 21:53:54,105 - INFO - Starting news collection for 삼성에스디에스
2025-08-05 21:53:54,106 - INFO - Starting news collection for LG
2025-08-05 21:53:54,858 - INFO - Starting news collection for 효성중공업
2025-08-05 21:53:54,858 - INFO - Starting news collection for 삼성전기
2025-08-05 21:53:54,858 - INFO - Starting news collection for 포스코퓨처엠
2025-08-05 21:53:54,866 - INFO - Starting news collection for 현대글로비스
2025-08-05 21:53:54,868 - INFO - Starting news collection for 한화시스템
2025-08-05 21:53:55,616 - INFO - Starting news collection for 하이브
2025-08-05 21:53:55,624 - INFO - Starting news collection for 삼양식품
2025-08-05 21:53:55,625 - INFO - Starting news collection for HD현대
2025-08-05 21:53:55,625 - INFO - Starting news collection for 미래에셋증권
2025-08-05 21:53:55,628 - INFO - Starting news collection for 두산
2025-08-05 21:53:56,350 - INFO - Starting news collection for LS ELECTRIC
2025-08-05 21:53:56,351 - INFO - Starting news collection for 유한양행
2025-08-05 21:53:56,351 - INFO - Starting news collection for 한국항공우주
2025-08-05 21:53:56,364 - INFO - Starting news collection for HD현대마린솔루션
2025-08-05 21:53:56,364 - INFO - Starting news collection for SK바이오팜
2025-08-05 21:53:59,099 - INFO - Starting news collection for DB손해보험
2025-08-05 21:53:59,100 - INFO - Starting news collection for 대한항공
2025-08-05 21:53:59,100 - INFO - Starting news collection for 한미반도체
2025-08-05 21:53:59,101 - INFO - Starting news collection for 포스코인터내셔널
2025-08-05 21:53:59,102 - INFO - Starting news collection for 카카오페이
2025-08-05 21:53:59,846 - INFO - Starting news collection for HD현대미포
2025-08-05 21:53:59,847 - INFO - Starting news collection for 코웨이
2025-08-05 21:53:59,848 - INFO - Starting news collection for 한국금융지주
2025-08-05 21:53:59,850 - INFO - Starting news collection for 현대건설
2025-08-05 21:53:59,881 - INFO - Starting news collection for 아모레퍼시픽
2025-08-05 21:54:00,577 - INFO - Starting news collection for 에이피알
2025-08-05 21:54:00,578 - INFO - Starting news collection for 한진칼
2025-08-05 21:54:00,578 - INFO - Starting news collection for S-Oil
2025-08-05 21:54:00,590 - INFO - Starting news collection for 한화
2025-08-05 21:54:00,598 - INFO - Starting news collection for LG유플러스
2025-08-05 21:54:01,308 - INFO - Starting news collection for NH투자증권
2025-08-05 21:54:01,308 - INFO - Starting news collection for 삼성증권
2025-08-05 21:54:01,320 - INFO - Starting news collection for 삼성카드
2025-08-05 21:54:01,321 - INFO - Starting news collection for 한국타이어앤테크놀로지
2025-08-05 21:54:01,321 - INFO - Starting news collection for 두산밥캣
2025-08-05 21:54:04,126 - INFO - Starting news collection for LS
2025-08-05 21:54:04,127 - INFO - Starting news collection for LG디스플레이
2025-08-05 21:54:04,127 - INFO - Starting news collection for 키움증권
2025-08-05 21:54:04,128 - INFO - Starting news collection for 한화솔루션
2025-08-05 21:54:04,128 - INFO - Starting news collection for 넷마블
2025-08-05 21:54:04,887 - INFO - Starting news collection for 삼성E&A
2025-08-05 21:54:04,887 - INFO - Starting news collection for LG생활건강
2025-08-05 21:54:04,887 - INFO - Starting news collection for BNK금융지주
2025-08-05 21:54:04,892 - INFO - Starting news collection for 오리온
2025-08-05 21:54:04,895 - INFO - Starting news collection for GS
2025-08-05 21:54:05,631 - INFO - Starting news collection for 현대제철
2025-08-05 21:54:05,639 - INFO - Starting news collection for JB금융지주
2025-08-05 21:54:05,645 - INFO - Starting news collection for 엔씨소프트
2025-08-05 21:54:05,645 - INFO - Starting news collection for CJ
2025-08-05 21:54:05,654 - INFO - Starting news collection for 강원랜드
2025-08-05 21:54:06,349 - INFO - Starting news collection for 두산로보틱스
2025-08-05 21:54:06,354 - INFO - Starting news collection for 한국가스공사
2025-08-05 21:54:06,362 - INFO - Starting news collection for SKC
2025-08-05 21:54:06,362 - INFO - Starting news collection for LG이노텍
2025-08-05 21:54:06,362 - INFO - Starting news collection for 에코프로머티
2025-08-05 21:54:09,304 - INFO - Starting news collection for SK바이오사이언스
2025-08-05 21:54:09,306 - INFO - Starting news collection for 한미약품
2025-08-05 21:54:09,307 - INFO - Starting news collection for 풍산
2025-08-05 21:54:09,307 - INFO - Starting news collection for CJ제일제당
2025-08-05 21:54:09,307 - INFO - Starting news collection for KCC
2025-08-05 21:54:10,074 - INFO - Starting news collection for 한전기술
2025-08-05 21:54:10,083 - INFO - Starting news collection for 포스코DX
2025-08-05 21:54:10,085 - INFO - Starting news collection for 현대엘리베이터
2025-08-05 21:54:10,085 - INFO - Starting news collection for HD현대인프라코어
2025-08-05 21:54:10,086 - INFO - Starting news collection for 대한전선
2025-08-05 21:54:10,817 - INFO - Starting news collection for 한미사이언스
2025-08-05 21:54:10,818 - INFO - Starting news collection for 금호석유화학
2025-08-05 21:54:10,819 - INFO - Starting news collection for 한화생명
2025-08-05 21:54:10,832 - INFO - Starting news collection for 한화비전
2025-08-05 21:54:10,832 - INFO - Starting news collection for 롯데지주
2025-08-05 21:54:11,559 - INFO - Starting news collection for 롯데케미칼
2025-08-05 21:54:11,560 - INFO - Starting news collection for 코스맥스
2025-08-05 21:54:11,570 - INFO - Starting news collection for 동서
2025-08-05 21:54:11,583 - INFO - Starting news collection for 에스원
2025-08-05 21:54:11,585 - INFO - Starting news collection for 엘앤에프
2025-08-05 21:54:14,278 - INFO - Starting news collection for F&F
2025-08-05 21:54:14,279 - INFO - Starting news collection for 이마트
2025-08-05 21:54:14,279 - INFO - Starting news collection for 영원무역
2025-08-05 21:54:14,279 - INFO - Starting news collection for 한국앤컴퍼니
2025-08-05 21:54:14,280 - INFO - Starting news collection for 현대해상
2025-08-05 21:54:15,019 - INFO - Starting news collection for 아모레퍼시픽홀딩스
2025-08-05 21:54:15,021 - INFO - Starting news collection for 농심
2025-08-05 21:54:15,021 - INFO - Starting news collection for 한국콜마
2025-08-05 21:54:15,022 - INFO - Starting news collection for 팬오션
2025-08-05 21:54:15,024 - INFO - Starting news collection for 제일기획
2025-08-05 21:54:15,753 - INFO - Starting news collection for 한전KPS
2025-08-05 21:54:15,754 - INFO - Starting news collection for iM금융지주
2025-08-05 21:54:15,755 - INFO - Starting news collection for 한온시스템
2025-08-05 21:54:15,755 - INFO - Starting news collection for 동원산업
2025-08-05 21:54:15,766 - INFO - Starting news collection for 한솔케미칼
2025-08-05 21:54:16,493 - INFO - Starting news collection for BGF리테일
2025-08-05 21:54:16,493 - INFO - Starting news collection for 미스토홀딩스
2025-08-05 21:54:16,498 - INFO - Starting news collection for 롯데쇼핑
2025-08-05 21:54:16,504 - INFO - Starting news collection for CJ대한통운
2025-08-05 21:54:16,505 - INFO - Starting news collection for 호텔신라
2025-08-05 21:54:19,246 - INFO - Starting news collection for 영원무역홀딩스
2025-08-05 21:54:19,247 - INFO - Starting news collection for DL이앤씨
2025-08-05 21:54:19,248 - INFO - Starting news collection for 씨에스윈드
2025-08-05 21:54:19,249 - INFO - Starting news collection for SK아이이테크놀로지
2025-08-05 21:54:19,250 - INFO - Starting news collection for OCI홀딩스
2025-08-05 21:54:19,995 - INFO - Starting news collection for 신세계
2025-08-05 21:54:19,999 - INFO - Starting news collection for 에스엘
2025-08-05 21:54:19,999 - INFO - Starting news collection for 녹십자
2025-08-05 21:54:20,004 - INFO - Starting news collection for GS건설
2025-08-05 21:54:20,017 - INFO - Starting news collection for 오뚜기
2025-08-05 21:54:20,716 - INFO - Starting news collection for HL만도
2025-08-05 21:54:20,720 - INFO - Starting news collection for 한국카본
2025-08-05 21:54:20,721 - INFO - Starting news collection for 대우건설
2025-08-05 21:54:20,731 - INFO - Starting news collection for 대웅제약
2025-08-05 21:54:20,741 - INFO - Starting news collection for 현대백화점
2025-08-05 21:54:21,433 - INFO - Starting news collection for DN오토모티브
2025-08-05 21:54:21,439 - INFO - Starting news collection for 하이트진로
2025-08-05 21:54:21,442 - INFO - Starting news collection for 오리온홀딩스
2025-08-05 21:54:21,450 - INFO - Starting news collection for 대웅
2025-08-05 21:54:21,451 - INFO - Starting news collection for GS리테일
2025-08-05 21:54:24,174 - INFO - Starting news collection for 이수스페셜티케미컬
2025-08-05 21:54:24,174 - INFO - Starting news collection for 현대위아
2025-08-05 21:54:24,175 - INFO - Starting news collection for HDC
2025-08-05 21:54:24,175 - INFO - Starting news collection for 금호타이어
2025-08-05 21:54:24,175 - INFO - Starting news collection for 한일시멘트
2025-08-05 21:54:24,903 - INFO - Starting news collection for 한올바이오파마
2025-08-05 21:54:24,909 - INFO - Starting news collection for 태광산업
2025-08-05 21:54:24,918 - INFO - Starting news collection for 롯데정밀화학
2025-08-05 21:54:24,918 - INFO - Starting news collection for 롯데칠성
2025-08-05 21:54:24,920 - INFO - Starting news collection for 한샘
2025-08-05 21:54:25,635 - INFO - Starting news collection for SK케미칼
2025-08-05 21:54:25,636 - INFO - Starting news collection for 에스디바이오센서
2025-08-05 21:54:25,640 - INFO - Starting news collection for 종근당
2025-08-05 21:54:25,646 - INFO - Starting news collection for 더블유게임즈
2025-08-05 21:54:25,647 - INFO - Starting news collection for 롯데웰푸드
2025-08-05 21:54:26,381 - INFO - Starting news collection for 코오롱인더
2025-08-05 21:54:26,381 - INFO - Starting news collection for DL
2025-08-05 21:54:26,387 - INFO - Starting news collection for 세아베스틸지주
2025-08-05 21:54:26,387 - INFO - Starting news collection for 세방전지
2025-08-05 21:54:26,499 - INFO - Starting news collection for 율촌화학
2025-08-05 21:54:29,123 - INFO - Starting news collection for HS효성첨단소재
2025-08-05 21:54:29,123 - INFO - Starting news collection for 하나투어
2025-08-05 21:54:29,124 - INFO - Starting news collection for 지역난방공사
2025-08-05 21:54:29,127 - INFO - Starting news collection for GKL
2025-08-05 21:54:29,132 - INFO - Starting news collection for 효성티앤씨
2025-08-05 21:54:29,894 - INFO - Starting news collection for 동원시스템즈
2025-08-05 21:54:29,900 - INFO - Starting news collection for 영풍
2025-08-05 21:54:29,905 - INFO - Starting news collection for 대상
2025-08-05 21:54:29,906 - INFO - Starting news collection for 미원상사
2025-08-05 21:54:29,906 - INFO - Starting news collection for 세아제강지주
2025-08-05 21:54:30,625 - INFO - Starting news collection for KG모빌리티
2025-08-05 21:54:30,631 - INFO - Starting news collection for 미원에스씨
2025-08-05 21:54:30,637 - INFO - Starting news collection for 코스모화학
2025-08-05 21:54:30,638 - INFO - Starting news collection for 대한유화
2025-08-05 21:54:30,650 - INFO - Starting news collection for TKG휴켐스
2025-08-05 21:54:31,386 - INFO - Starting news collection for 덴티움
2025-08-05 21:54:31,390 - INFO - Starting news collection for 녹십자홀딩스
2025-08-05 21:54:31,393 - INFO - Starting news collection for TCC스틸
2025-08-05 21:54:31,395 - INFO - Starting news collection for OCI
2025-08-05 21:54:31,401 - INFO - Starting news collection for 후성
